<html>
<body>
<pre>
<h1>µVision Build Log</h1>
<h2>Tool Versions:</h2>
IDE-Version: µVision V5.37.0.0
Copyright (C) 2022 ARM Ltd and ARM Germany GmbH. All rights reserved.
License Information: qwer hsi, asd, LIC=4ZLZX-HE4DI-GQ20H-W575A-NQ064-4Z0S2
 
Tool Versions:
Toolchain:       MDK-ARM Professional  Version: 5.37.0.0
Toolchain Path:  C:\Keil_v5\ARM\ARMCLANG\Bin
C Compiler:      ArmClang.exe V6.18
Assembler:       Armasm.exe V6.18
Linker/Locator:  ArmLink.exe V6.18
Library Manager: ArmAr.exe V6.18
Hex Converter:   FromElf.exe V6.18
CPU DLL:         SARMCM3.DLL V5.37.0.0
Dialog DLL:      DCM.DLL V1.17.5.0
Target DLL:      UL2CM3.DLL V1.164.7.0
Dialog DLL:      TCM.DLL V1.56.1.0
 
<h2>Project:</h2>
D:\sbu\4011\microprocessor lab\5\2\2.uvprojx
Project File Date:  11/28/2022

<h2>Output:</h2>
*** Using Compiler 'V6.18', folder: 'C:\Keil_v5\ARM\ARMCLANG\Bin'
Build target 'Target 1'
MAIN.c(24): warning: binary integer literals are a GNU extension [-Wgnu-binary-literal]
         GPIOA->BSRR =0b0111111;
                      ^
MAIN.c(29): warning: binary integer literals are a GNU extension [-Wgnu-binary-literal]
         GPIOA->BSRR =0b0000110;
                      ^
MAIN.c(34): warning: binary integer literals are a GNU extension [-Wgnu-binary-literal]
         GPIOA->BSRR =0b1011011;
                      ^
MAIN.c(39): warning: binary integer literals are a GNU extension [-Wgnu-binary-literal]
         GPIOA->BSRR =0b1001111;
                      ^
MAIN.c(44): warning: binary integer literals are a GNU extension [-Wgnu-binary-literal]
         GPIOA->BSRR =0b1100110;
                      ^
MAIN.c(49): warning: binary integer literals are a GNU extension [-Wgnu-binary-literal]
         GPIOA->BSRR =0b1101101;
                      ^
MAIN.c(54): warning: binary integer literals are a GNU extension [-Wgnu-binary-literal]
         GPIOA->BSRR =0b1111101;
                      ^
MAIN.c(59): warning: binary integer literals are a GNU extension [-Wgnu-binary-literal]
         GPIOA->BSRR =0b0000111;
                      ^
MAIN.c(64): warning: binary integer literals are a GNU extension [-Wgnu-binary-literal]
         GPIOA->BSRR =0b1111111;
                      ^
MAIN.c(69): warning: binary integer literals are a GNU extension [-Wgnu-binary-literal]
         GPIOA->BSRR =0b1101111;
                      ^
MAIN.c(72): warning: // comments are not allowed in this language [-Wcomment]
                 //hex only 
                 ^
MAIN.c(75): warning: binary integer literals are a GNU extension [-Wgnu-binary-literal]
         GPIOA->BSRR =0b1110111;  //A
                      ^
MAIN.c(79): warning: binary integer literals are a GNU extension [-Wgnu-binary-literal]
         GPIOA->BSRR =0b1111100;  //b
                      ^
MAIN.c(83): warning: binary integer literals are a GNU extension [-Wgnu-binary-literal]
         GPIOA->BSRR =0b0111001;  //C
                      ^
MAIN.c(87): warning: binary integer literals are a GNU extension [-Wgnu-binary-literal]
         GPIOA->BSRR =0b1011110;  //d
                      ^
MAIN.c(91): warning: binary integer literals are a GNU extension [-Wgnu-binary-literal]
         GPIOA->BSRR =0b1111001;  //E
                      ^
MAIN.c(95): warning: binary integer literals are a GNU extension [-Wgnu-binary-literal]
         GPIOA->BSRR =0b1110001;  //F
                      ^
MAIN.c(99): warning: binary integer literals are a GNU extension [-Wgnu-binary-literal]
                                        GPIOA->BSRR =0b0111111;
                                                     ^
MAIN.c(107): warning: binary integer literals are a GNU extension [-Wgnu-binary-literal]
         GPIOA->BSRR =0b0111111<<7;
                      ^
MAIN.c(112): warning: binary integer literals are a GNU extension [-Wgnu-binary-literal]
         GPIOA->BSRR =0b0000110<<7;
                      ^
MAIN.c(117): warning: binary integer literals are a GNU extension [-Wgnu-binary-literal]
         GPIOA->BSRR =0b1011011<<7;
                      ^
MAIN.c(122): warning: binary integer literals are a GNU extension [-Wgnu-binary-literal]
         GPIOA->BSRR =0b1001111<<7;
                      ^
MAIN.c(127): warning: binary integer literals are a GNU extension [-Wgnu-binary-literal]
         GPIOA->BSRR =0b1100110<<7;
                      ^
MAIN.c(132): warning: binary integer literals are a GNU extension [-Wgnu-binary-literal]
         GPIOA->BSRR =0b1101101<<7;
                      ^
MAIN.c(137): warning: binary integer literals are a GNU extension [-Wgnu-binary-literal]
         GPIOA->BSRR =0b1111101<<7;
                      ^
MAIN.c(142): warning: binary integer literals are a GNU extension [-Wgnu-binary-literal]
         GPIOA->BSRR =0b0000111<<7;
                      ^
MAIN.c(147): warning: binary integer literals are a GNU extension [-Wgnu-binary-literal]
         GPIOA->BSRR =0b1111111<<7;
                      ^
MAIN.c(152): warning: binary integer literals are a GNU extension [-Wgnu-binary-literal]
         GPIOA->BSRR =0b1101111<<7;
                      ^
MAIN.c(158): warning: binary integer literals are a GNU extension [-Wgnu-binary-literal]
         GPIOA->BSRR =0b1110111<<7;  //A
                      ^
MAIN.c(162): warning: binary integer literals are a GNU extension [-Wgnu-binary-literal]
         GPIOA->BSRR =0b1111100<<7;  //b
                      ^
MAIN.c(166): warning: binary integer literals are a GNU extension [-Wgnu-binary-literal]
         GPIOA->BSRR =0b0111001<<7;  //C
                      ^
MAIN.c(170): warning: binary integer literals are a GNU extension [-Wgnu-binary-literal]
         GPIOA->BSRR =0b1011110<<7;  //d
                      ^
MAIN.c(174): warning: binary integer literals are a GNU extension [-Wgnu-binary-literal]
         GPIOA->BSRR =0b1111001<<7;  //E
                      ^
MAIN.c(178): warning: binary integer literals are a GNU extension [-Wgnu-binary-literal]
         GPIOA->BSRR =0b1110001<<7;  //F
                      ^
MAIN.c(182): warning: binary integer literals are a GNU extension [-Wgnu-binary-literal]
                                        GPIOA->BSRR =0b0111111<<7;
                                                     ^
MAIN.c(18): warning: while loop has empty body [-Wempty-body]
while (i==GPIOB->IDR);
                     ^
MAIN.c(18): note: put the semicolon on a separate line to silence this warning
MAIN.c(14): warning: mixing declarations and code is a C99 extension [-Wdeclaration-after-statement]
                uint32_t i = 0;
                         ^
MAIN.c(194): warning: no newline at end of file [-Wnewline-eof]
}
 ^
38 warnings generated.
compiling MAIN.c...
linking...
Program Size: Code=1360 RO-data=420 RW-data=0 ZI-data=1632  
FromELF: creating hex file...
".\Objects\2.axf" - 0 Error(s), 38 Warning(s).

<h2>Software Packages used:</h2>

Package Vendor: ARM
                http://www.keil.com/pack/ARM.CMSIS.5.9.0.pack
                ARM.CMSIS.5.9.0
                CMSIS (Common Microcontroller Software Interface Standard)
   * Component: CORE Version: 5.6.0

Package Vendor: Keil
                http://www.keil.com/pack/Keil.STM32F4xx_DFP.2.16.0.pack
                Keil.STM32F4xx_DFP.2.16.0
                STMicroelectronics STM32F4 Series Device Support, Drivers and Examples
   * Component: Startup Version: 2.6.3

<h2>Collection of Component include folders:</h2>
  ./RTE/_Target_1
  C:/Users/smrh1/AppData/Local/Arm/Packs/ARM/CMSIS/5.9.0/CMSIS/Core/Include
  C:/Users/smrh1/AppData/Local/Arm/Packs/Keil/STM32F4xx_DFP/2.16.0/Drivers/CMSIS/Device/ST/STM32F4xx/Include

<h2>Collection of Component Files used:</h2>

   * Component: ARM::CMSIS:CORE:5.6.0

   * Component: Keil::Device:Startup:2.6.3
      Source file:   MDK/Device/Source/ARM/STM32F4xx_OTP.s
      Include file:  Drivers/CMSIS/Device/ST/STM32F4xx/Include/stm32f4xx.h
      Source file:   MDK/Device/Source/ARM/STM32F401xx_OPT.s
      Source file:   Drivers/CMSIS/Device/ST/STM32F4xx/Source/Templates/arm/startup_stm32f401xe.s
      Source file:   Drivers/CMSIS/Device/ST/STM32F4xx/Source/Templates/system_stm32f4xx.c
Build Time Elapsed:  00:00:00
</pre>
</body>
</html>
