<html>
<body>
<pre>
<h1>µVision Build Log</h1>
<h2>Tool Versions:</h2>
IDE-Version: µVision V5.37.0.0
Copyright (C) 2022 ARM Ltd and ARM Germany GmbH. All rights reserved.
License Information: qwer hsi, asd, LIC=4ZLZX-HE4DI-GQ20H-W575A-NQ064-4Z0S2
 
Tool Versions:
Toolchain:       MDK-ARM Professional  Version: 5.37.0.0
Toolchain Path:  C:\Keil_v5\ARM\ARMCLANG\Bin
C Compiler:      ArmClang.exe V6.18
Assembler:       Armasm.exe V6.18
Linker/Locator:  ArmLink.exe V6.18
Library Manager: ArmAr.exe V6.18
Hex Converter:   FromElf.exe V6.18
CPU DLL:         SARMCM3.DLL V5.37.0.0
Dialog DLL:      DCM.DLL V1.17.5.0
Target DLL:      UL2CM3.DLL V1.164.7.0
Dialog DLL:      TCM.DLL V1.56.1.0
 
<h2>Project:</h2>
D:\sbu\4011\microprocessor lab\5\3\3.uvprojx
Project File Date:  11/28/2022

<h2>Output:</h2>
*** Using Compiler 'V6.18', folder: 'C:\Keil_v5\ARM\ARMCLANG\Bin'
Rebuild target 'Target 1'
compiling system_stm32f4xx.c...
assembling startup_stm32f401xe.s...
MAIN.c(11): warning: binary integer literals are a GNU extension [-Wgnu-binary-literal]
         *GPIOA_BSRR =0b0111111;
                      ^
MAIN.c(16): warning: binary integer literals are a GNU extension [-Wgnu-binary-literal]
        *GPIOA_BSRR =0b0000110;
                     ^
MAIN.c(21): warning: binary integer literals are a GNU extension [-Wgnu-binary-literal]
         *GPIOA_BSRR =0b1011011;
                      ^
MAIN.c(26): warning: binary integer literals are a GNU extension [-Wgnu-binary-literal]
         *GPIOA_BSRR =0b1001111;
                      ^
MAIN.c(31): warning: binary integer literals are a GNU extension [-Wgnu-binary-literal]
         *GPIOA_BSRR =0b1100110;
                      ^
MAIN.c(36): warning: binary integer literals are a GNU extension [-Wgnu-binary-literal]
        *GPIOA_BSRR =0b1101101;
                     ^
MAIN.c(41): warning: binary integer literals are a GNU extension [-Wgnu-binary-literal]
         *GPIOA_BSRR =0b1111101;
                      ^
MAIN.c(46): warning: binary integer literals are a GNU extension [-Wgnu-binary-literal]
         *GPIOA_BSRR =0b0000111;
                      ^
MAIN.c(51): warning: binary integer literals are a GNU extension [-Wgnu-binary-literal]
         *GPIOA_BSRR =0b1111111;
                      ^
MAIN.c(56): warning: binary integer literals are a GNU extension [-Wgnu-binary-literal]
         *GPIOA_BSRR =0b1101111;
                      ^
MAIN.c(58): warning: // comments are not allowed in this language [-Wcomment]
                 //hex only 
                 ^
MAIN.c(61): warning: binary integer literals are a GNU extension [-Wgnu-binary-literal]
         *GPIOA_BSRR =0b1110111;  //A
                      ^
MAIN.c(65): warning: binary integer literals are a GNU extension [-Wgnu-binary-literal]
         *GPIOA_BSRR =0b1111100;  //b
                      ^
MAIN.c(69): warning: binary integer literals are a GNU extension [-Wgnu-binary-literal]
         *GPIOA_BSRR =0b0111001;  //C
                      ^
MAIN.c(73): warning: binary integer literals are a GNU extension [-Wgnu-binary-literal]
         *GPIOA_BSRR =0b1011110;  //d
                      ^
MAIN.c(77): warning: binary integer literals are a GNU extension [-Wgnu-binary-literal]
         *GPIOA_BSRR =0b1111001;  //E
                      ^
MAIN.c(81): warning: binary integer literals are a GNU extension [-Wgnu-binary-literal]
         *GPIOA_BSRR =0b1110001;  //F
                      ^
MAIN.c(85): warning: binary integer literals are a GNU extension [-Wgnu-binary-literal]
                                        *GPIOA_BSRR =0b0111111;
                                                     ^
MAIN.c(93): warning: binary integer literals are a GNU extension [-Wgnu-binary-literal]
         *GPIOA_BSRR =0b0111111<<7;
                      ^
MAIN.c(98): warning: binary integer literals are a GNU extension [-Wgnu-binary-literal]
         *GPIOA_BSRR =0b0000110<<7;
                      ^
MAIN.c(103): warning: binary integer literals are a GNU extension [-Wgnu-binary-literal]
         *GPIOA_BSRR =0b1011011<<7;
                      ^
MAIN.c(108): warning: binary integer literals are a GNU extension [-Wgnu-binary-literal]
         *GPIOA_BSRR =0b1001111<<7;
                      ^
MAIN.c(113): warning: binary integer literals are a GNU extension [-Wgnu-binary-literal]
         *GPIOA_BSRR =0b1100110<<7;
                      ^
MAIN.c(118): warning: binary integer literals are a GNU extension [-Wgnu-binary-literal]
         *GPIOA_BSRR =0b1101101<<7;
                      ^
MAIN.c(123): warning: binary integer literals are a GNU extension [-Wgnu-binary-literal]
         *GPIOA_BSRR =0b1111101<<7;
                      ^
MAIN.c(128): warning: binary integer literals are a GNU extension [-Wgnu-binary-literal]
         *GPIOA_BSRR =0b0000111<<7;
                      ^
MAIN.c(133): warning: binary integer literals are a GNU extension [-Wgnu-binary-literal]
         *GPIOA_BSRR =0b1111111<<7;
                      ^
MAIN.c(138): warning: binary integer literals are a GNU extension [-Wgnu-binary-literal]
         *GPIOA_BSRR =0b1101111<<7;
                      ^
MAIN.c(144): warning: binary integer literals are a GNU extension [-Wgnu-binary-literal]
         *GPIOA_BSRR =0b1110111<<7;  //A
                      ^
MAIN.c(148): warning: binary integer literals are a GNU extension [-Wgnu-binary-literal]
         *GPIOA_BSRR =0b1111100<<7;  //b
                      ^
MAIN.c(152): warning: binary integer literals are a GNU extension [-Wgnu-binary-literal]
         *GPIOA_BSRR =0b0111001<<7;  //C
                      ^
MAIN.c(156): warning: binary integer literals are a GNU extension [-Wgnu-binary-literal]
         *GPIOA_BSRR =0b1011110<<7;  //d
                      ^
MAIN.c(160): warning: binary integer literals are a GNU extension [-Wgnu-binary-literal]
         *GPIOA_BSRR =0b1111001<<7;  //E
                      ^
MAIN.c(164): warning: binary integer literals are a GNU extension [-Wgnu-binary-literal]
         *GPIOA_BSRR =0b1110001<<7;  //F
                      ^
MAIN.c(168): warning: binary integer literals are a GNU extension [-Wgnu-binary-literal]
                                GPIOA->BSRR =0b0111111<<7;
                                             ^
MAIN.c(5): warning: no previous prototype for function '_7seg_show' [-Wmissing-prototypes]
void _7seg_show(uint32_t i,volatile uint32_t* GPIOA_BSRR){
     ^
MAIN.c(5): note: declare 'static' if the function is not intended to be used outside of this translation unit
void _7seg_show(uint32_t i,volatile uint32_t* GPIOA_BSRR){
^
static 
MAIN.c(185): warning: signed shift result (0xFFFF0000) sets the sign bit of the shift expression's type ('int') and becomes negative [-Wshift-sign-overflow]
                GPIOA->BSRR = 0XFFFF<<16;
                              ~~~~~~^ ~~
MAIN.c(185): warning: implicit conversion changes signedness: 'int' to 'uint32_t' (aka 'unsigned int') [-Wsign-conversion]
                GPIOA->BSRR = 0XFFFF<<16;
                            ~ ~~~~~~^~~~
MAIN.c(199): warning: result of comparison of unsigned expression < 0 is always false [-Wtautological-unsigned-zero-compare]
                        if (i<0) i=0;
                            ~^~
MAIN.c(184): warning: mixing declarations and code is a C99 extension [-Wdeclaration-after-statement]
                uint32_t i = 0x0;
                         ^
MAIN.c(218): warning: no newline at end of file [-Wnewline-eof]
}
 ^
41 warnings generated.
compiling MAIN.c...
linking...
Program Size: Code=1592 RO-data=420 RW-data=0 ZI-data=1632  
FromELF: creating hex file...
".\Objects\3.axf" - 0 Error(s), 41 Warning(s).

<h2>Software Packages used:</h2>

Package Vendor: ARM
                http://www.keil.com/pack/ARM.CMSIS.5.9.0.pack
                ARM.CMSIS.5.9.0
                CMSIS (Common Microcontroller Software Interface Standard)
   * Component: CORE Version: 5.6.0

Package Vendor: Keil
                http://www.keil.com/pack/Keil.STM32F4xx_DFP.2.16.0.pack
                Keil.STM32F4xx_DFP.2.16.0
                STMicroelectronics STM32F4 Series Device Support, Drivers and Examples
   * Component: Startup Version: 2.6.3

<h2>Collection of Component include folders:</h2>
  ./RTE/_Target_1
  C:/Users/smrh1/AppData/Local/Arm/Packs/ARM/CMSIS/5.9.0/CMSIS/Core/Include
  C:/Users/smrh1/AppData/Local/Arm/Packs/Keil/STM32F4xx_DFP/2.16.0/Drivers/CMSIS/Device/ST/STM32F4xx/Include

<h2>Collection of Component Files used:</h2>

   * Component: ARM::CMSIS:CORE:5.6.0

   * Component: Keil::Device:Startup:2.6.3
      Source file:   MDK/Device/Source/ARM/STM32F4xx_OTP.s
      Include file:  Drivers/CMSIS/Device/ST/STM32F4xx/Include/stm32f4xx.h
      Source file:   MDK/Device/Source/ARM/STM32F401xx_OPT.s
      Source file:   Drivers/CMSIS/Device/ST/STM32F4xx/Source/Templates/arm/startup_stm32f401xe.s
      Source file:   Drivers/CMSIS/Device/ST/STM32F4xx/Source/Templates/system_stm32f4xx.c
Build Time Elapsed:  00:00:01
</pre>
</body>
</html>
